// Jest Snapshot v1, https://goo.gl/fbAQLP

exports[`renders without crashing 1`] = `
<e>
  <HelmetProvider
    context={Object {}}
  >
    <ForwardRef
      styles={
        Object {
          "a": Object {
            "color": "#007bff",
          },
          "body": Object {
            "color": "#212529",
            "fontFamily": "'Source Sans Pro', sans-serif",
            "fontSize": "24px",
            "fontWeight": 300,
            "lineHeight": 1.5,
          },
          "button": Object {
            "cursor": "pointer",
          },
          "h1": Object {
            "fontFamily": "'Playfair Display', sans-serif",
            "fontSize": "59.712px",
            "fontWeight": 400,
            "lineHeight": 1.2057877813504823,
            "marginBottom": "36px",
          },
          "h2": Object {
            "a": Object {
              "color": "#212529",
              "fontSize": "inherit",
              "lineHeight": "inherit",
              "marginBottom": "inherit",
              "textDecoration": "none",
            },
            "fontFamily": "'Playfair Display', sans-serif",
            "fontSize": "49.775999999999996px",
            "fontWeight": 400,
            "lineHeight": 1.0848601735776278,
            "marginBottom": "36px",
          },
          "h3": Object {
            "fontFamily": "'Playfair Display', sans-serif",
            "fontSize": "41.472px",
            "fontWeight": 400,
            "lineHeight": 1.3020833333333333,
            "marginBottom": "36px",
          },
          "h4": Object {
            "fontFamily": "'Playfair Display', sans-serif",
            "fontSize": "34.56px",
            "fontWeight": 400,
            "lineHeight": 1.0416666666666665,
            "marginBottom": "36px",
          },
          "h5": Object {
            "fontFamily": "'Playfair Display', sans-serif",
            "fontSize": "28.799999999999997px",
            "fontWeight": 400,
            "lineHeight": 1.2500000000000002,
            "marginBottom": "36px",
          },
          "h6": Object {
            "fontFamily": "'Playfair Display', sans-serif",
            "fontSize": "24px",
            "fontWeight": 400,
            "lineHeight": 1.5,
            "marginBottom": "36px",
          },
          "p, a, ol, ul, pre": Object {
            "fontSize": "24px",
            "lineHeight": 1.5,
            "marginBottom": "36px",
          },
          "stong": Object {
            "fontWeight": "400",
          },
        }
      }
    />
    <Root>
      <e>
        <e
          component={[Function]}
          exact={true}
          path="/contact"
        />
        <e
          component={[Function]}
          exact={true}
          path="/contact/thank-you"
        />
        <e
          component={
            Object {
              "$$typeof": Symbol(react.memo),
              "WrappedComponent": [Function],
              "compare": null,
              "displayName": "Connect(Component)",
              "type": [Function],
            }
          }
          exact={true}
          path="/"
        />
        <e
          component={[Function]}
          exact={true}
          path="/:slug"
        />
        <e
          component={[Function]}
        />
      </e>
    </Root>
  </HelmetProvider>
</e>
`;
